docker : docker: invalid reference format
At line:1 char:1
+ docker run --rm -v "c:\Users\mdnis\Desktop\ATS Resume SaaS\backend":/ ...
+ ~~~~~~~~~~~~~~~~~~~~~~~~~~~~~~~~~~~~~~~~~~~~~~~~~~~~~~~~~~~~~~~~~~~~~
    + CategoryInfo          : NotSpecified: (docker: invalid reference format:String) [], RemoteException
    + FullyQualifiedErrorId : NativeCommandError
 

Run 'docker run --help' for more information
